../Core/Src/main.c:112:5:main	8	static
../Core/Src/main.c:247:6:SystemClock_Config	64	static
../Core/Src/main.c:286:13:MX_ADC1_Init	24	static
../Core/Src/main.c:358:13:MX_TIM1_Init	120	static
../Core/Src/main.c:452:13:MX_TIM3_Init	56	static
../Core/Src/main.c:512:13:MX_DMA_Init	16	static
../Core/Src/main.c:530:13:MX_GPIO_Init	48	static
../Core/Src/main.c:565:6:set_motor_speed	48	static
../Core/Src/main.c:631:6:HAL_TIM_IC_CaptureCallback	24	static
../Core/Src/main.c:717:6:Error_Handler	8	static,ignoring_inline_asm
